Microchip MPLAB XC8 Compiler V2.45

Linker command line:

-W-3 \
  --edf=C:\Program Files\Microchip\xc8\v2.45\pic\dat\20230818022343_en.msgs \
  -cn -h+dist/default/production\prayer_schduler.X.production.sym \
  --cmf=dist/default/production\prayer_schduler.X.production.cmf -z \
  -Q16F877A -oC:\Users\faizan\AppData\Local\Temp\xcAs9ac.\driver_tmp_3.o \
  --defsym=__MPLAB_BUILD=1 --fixupoverflow=error \
  -Mdist/default/production/prayer_schduler.X.production.map \
  --md=C:\Users\faizan\AppData\Local\Temp\xcAs9ac.\driver_tmp_0.dat -E1 \
  -ver=XC8 Compiler --acfsm=1493 -ACODE=00h-07FFhx4 -ASTRCODE=00h-01FFFh \
  -ASTRING=00h-0FFhx32 -ACONST=00h-0FFhx32 -AENTRY=00h-0FFhx32 \
  -ACOMMON=070h-07Fh -ABANK0=020h-06Fh -ABANK1=0A0h-0EFh \
  -ABANK2=0110h-016Fh -ABANK3=0190h-01EFh \
  -ARAM=020h-06Fh,0A0h-0EFh,0110h-016Fh,0190h-01EFh \
  -AABS1=020h-07Fh,0A0h-0EFh,0110h-016Fh,0190h-01EFh -ASFR0=00h-01Fh \
  -ASFR1=080h-09Fh -ASFR2=0100h-010Fh -ASFR3=0180h-018Fh \
  -ACONFIG=02007h-02007h -DCONFIG=2 -AIDLOC=02000h-02003h -DIDLOC=2 \
  -AEEDATA=00h-0FFh/02100h -peeprom_data=EEDATA -DEEDATA=2 -DCODE=2 \
  -DSTRCODE=2 -DSTRING=2 -DCONST=2 -DENTRY=2 \
  -preset_vec=00h,intentry=04h,init,end_init -ppowerup=CODE -pcinit=CODE \
  -pfunctab=ENTRY -k \
  C:\Users\faizan\AppData\Local\Temp\xcAs9ac.\driver_tmp_12.o \
  dist/default/production\prayer_schduler.X.production.o 

Object code version is 3.11

Machine type is 16F877A



                Name                               Link     Load   Length Selector   Space Scale
C:\Users\faizan\AppData\Local\Temp\xcAs9ac.\driver_tmp_12.o
                end_init                              E        E        3        8       0
                reset_vec                             0        0        3        0       0
                config                             2007     2007        1        0       4
dist/default/production\prayer_schduler.X.production.o
                cinit                                11       11       2B        8       0
                intentry                              4        4        A        8       0
                config                             2007     2007        1        0       4
                text18                              595      595       3B      B2A       0
                text17                              3E7      3E7       69        8       0
                text16                              4B3      4B3       5B        8       0
                text15                              5D0      5D0       36      B2A       0
                text14                              606      606       2E      B2A       0
                text13                              66C      66C       13      B2A       0
                text12                              2B7      2B7       BF        8       0
                text11                              376      376       71        8       0
                text10                              6C0      6C0        B      B2A       0
                text9                               6A3      6A3       10      B2A       0
                text8                               6B3      6B3        D      B2A       0
                text7                               691      691       12      B2A       0
                text6                               1F7      1F7       C0        8       0
                text5                               634      634       23      B2A       0
                text4                               657      657       15      B2A       0
                text3                               67F      67F       12      B2A       0
                text2                                3C       3C      1BB        8       0
                text1                               450      450       63        8       0
                maintext                            50E      50E       4A        8       0
                cstackBANK0                          20       20        B       20       1
                cstackCOMMON                         70       70        8       70       1
                dataBANK0                            32       32        4       20       1
                bssBANK0                             2B       2B        7       20       1
                dataCOMMON                           7A       7A        1       70       1
                bssCOMMON                            78       78        2       70       1
                strings                             558      558       3D      AB0       0
                idataBANK0                          6CB      6CB        4      B2A       0
                idataCOMMON                         6CF      6CF        1      B2A       0

TOTAL           Name                               Link     Load   Length     Space
        CLASS   CODE           
                end_init                              E        E        3         0
                cinit                                11       11       2B         0
                intentry                              4        4        A         0
                reset_vec                             0        0        3         0
                text18                              595      595       3B         0
                text17                              3E7      3E7       69         0
                text16                              4B3      4B3       5B         0
                text15                              5D0      5D0       36         0
                text14                              606      606       2E         0
                text13                              66C      66C       13         0
                text12                              2B7      2B7       BF         0
                text11                              376      376       71         0
                text10                              6C0      6C0        B         0
                text9                               6A3      6A3       10         0
                text8                               6B3      6B3        D         0
                text7                               691      691       12         0
                text6                               1F7      1F7       C0         0
                text5                               634      634       23         0
                text4                               657      657       15         0
                text3                               67F      67F       12         0
                text2                                3C       3C      1BB         0
                text1                               450      450       63         0
                maintext                            50E      50E       4A         0
                idataBANK0                          6CB      6CB        4         0
                idataCOMMON                         6CF      6CF        1         0

        CLASS   STRCODE        

        CLASS   STRING         
                strings                             558      558       3D         0

        CLASS   CONST          

        CLASS   ENTRY          

        CLASS   COMMON         
                cstackCOMMON                         70       70        8         1
                dataCOMMON                           7A       7A        1         1
                bssCOMMON                            78       78        2         1

        CLASS   BANK0          
                cstackBANK0                          20       20        B         1
                dataBANK0                            32       32        4         1
                bssBANK0                             2B       2B        7         1

        CLASS   BANK1          

        CLASS   BANK2          

        CLASS   BANK3          

        CLASS   RAM            

        CLASS   ABS1           
                abs_s1                               7E       7E        2         1

        CLASS   SFR0           

        CLASS   SFR1           

        CLASS   SFR2           

        CLASS   SFR3           

        CLASS   CONFIG         
                config                             2007     2007        1         4

        CLASS   IDLOC          

        CLASS   EEDATA         

        CLASS   HEAP           

        CLASS   STACK          



SEGMENTS        Name                           Load    Length   Top    Selector   Space  Class     Delta

                reset_vec                      000000  000003  000003         0       0  CODE        2
                intentry                       000004  000554  000558         8       0  CODE        2
                cstackBANK0                    000020  000016  000036        20       1  BANK0       1
                cstackCOMMON                   000070  00000B  00007B        70       1  COMMON      1
                strings                        000558  00003D  000595       AB0       0  STRING      2
                text18                         000595  00013B  0006D0       B2A       0  CODE        2


UNUSED ADDRESS RANGES

        Name                Unused          Largest block    Delta
        BANK0            0036-006F             3A           1
        BANK1            00A0-00EF             50           1
        BANK2            0110-016F             60           1
        BANK3            0190-01EF             60           1
        CODE             0003-0003              1           2
                         06D0-1FFF            800
        COMMON           007B-007D              3           1
        CONST            0003-0003              1           2
                         06D0-1FFF            100
        EEDATA           2100-21FF            100           2
        ENTRY            0003-0003              1           2
                         06D0-1FFF            100
        IDLOC            2000-2003              4           2
        RAM              0036-006F             3A           1
                         00A0-00EF             50
                         0110-016F             60
                         0190-01EF             60
        SFR0             0000-001F             20           1
        SFR1             0080-009F             20           1
        SFR2             0100-010F             10           1
        SFR3             0180-018F             10           1
        STRCODE          0003-0003              1           2
                         06D0-1FFF           1930
        STRING           0003-0003              1           2
                         06D0-1FFF            100

                                  Symbol Table

?___awdiv                        cstackCOMMON 0073
?___awmod                        cstackCOMMON 0073
_GIE                             (abs)        005F
_PEIE                            (abs)        005E
_PORTD                           (abs)        0008
_PR2                             (abs)        0092
_RB0                             (abs)        0030
_RB1                             (abs)        0031
_RB2                             (abs)        0032
_RD0                             (abs)        0040
_RD1                             (abs)        0041
_RD2                             (abs)        0042
_RD3                             (abs)        0043
_RE1                             (abs)        0049
_RE2                             (abs)        004A
_T2CKPS0                         (abs)        0090
_T2CKPS1                         (abs)        0091
_TMR2IE                          (abs)        0461
_TMR2IF                          (abs)        0061
_TMR2ON                          (abs)        0092
_TRISB                           (abs)        0086
_TRISD                           (abs)        0088
_TRISE1                          (abs)        0449
_TRISE2                          (abs)        044A
__H__absolute__                  __absolute__ 0000
__Habs1                          abs1         0000
__Hbank0                         bank0        0000
__Hbank1                         bank1        0000
__Hbank2                         bank2        0000
__Hbank3                         bank3        0000
__HbssBANK0                      bssBANK0     0000
__HbssCOMMON                     bssCOMMON    0000
__Hcinit                         cinit        003C
__Hclrtext                       clrtext      0000
__Hcode                          code         0000
__Hcommon                        common       0000
__Hconfig                        config       2008
__HcstackBANK0                   cstackBANK0  0000
__HcstackCOMMON                  cstackCOMMON 0000
__HdataBANK0                     dataBANK0    0000
__HdataCOMMON                    dataCOMMON   0000
__Heeprom_data                   eeprom_data  0000
__Hend_init                      end_init     0011
__Hfunctab                       functab      0000
__Hheap                          heap         0000
__HidataBANK0                    idataBANK0   0000
__HidataCOMMON                   idataCOMMON  0000
__Hinit                          init         000E
__Hintentry                      intentry     000E
__Hmaintext                      maintext     0000
__Hpowerup                       powerup      0000
__Hram                           ram          0000
__Hreset_vec                     reset_vec    0003
__Hsfr0                          sfr0         0000
__Hsfr1                          sfr1         0000
__Hsfr2                          sfr2         0000
__Hsfr3                          sfr3         0000
__Hspace_0                       (abs)        06D0
__Hspace_1                       (abs)        007B
__Hspace_2                       (abs)        0000
__Hspace_3                       (abs)        0000
__Hspace_4                       (abs)        400F
__Hstack                         stack        0000
__Hstrings                       strings      0000
__Htext                          text         0000
__L__absolute__                  __absolute__ 0000
__Labs1                          abs1         0000
__Lbank0                         bank0        0000
__Lbank1                         bank1        0000
__Lbank2                         bank2        0000
__Lbank3                         bank3        0000
__LbssBANK0                      bssBANK0     0000
__LbssCOMMON                     bssCOMMON    0000
__Lcinit                         cinit        0011
__Lclrtext                       clrtext      0000
__Lcode                          code         0000
__Lcommon                        common       0000
__Lconfig                        config       0000
__LcstackBANK0                   cstackBANK0  0000
__LcstackCOMMON                  cstackCOMMON 0000
__LdataBANK0                     dataBANK0    0000
__LdataCOMMON                    dataCOMMON   0000
__Leeprom_data                   eeprom_data  0000
__Lend_init                      end_init     000E
__Lfunctab                       functab      0000
__Lheap                          heap         0000
__LidataBANK0                    idataBANK0   0000
__LidataCOMMON                   idataCOMMON  0000
__Linit                          init         000E
__Lintentry                      intentry     0004
__Lmaintext                      maintext     0000
__Lpowerup                       powerup      0000
__Lram                           ram          0000
__Lreset_vec                     reset_vec    0000
__Lsfr0                          sfr0         0000
__Lsfr1                          sfr1         0000
__Lsfr2                          sfr2         0000
__Lsfr3                          sfr3         0000
__Lspace_0                       (abs)        0000
__Lspace_1                       (abs)        0000
__Lspace_2                       (abs)        0000
__Lspace_3                       (abs)        0000
__Lspace_4                       (abs)        0000
__Lstack                         stack        0000
__Lstrings                       strings      0000
__Ltext                          text         0000
__S0                             (abs)        06D0
__S1                             (abs)        007B
__S3                             (abs)        0000
___awdiv                         text17       03E7
___awdiv@counter                 cstackBANK0  0020
___awdiv@dividend                cstackCOMMON 0075
___awdiv@divisor                 cstackCOMMON 0073
___awdiv@quotient                cstackBANK0  0022
___awdiv@sign                    cstackBANK0  0021
___awmod                         text16       04B3
___awmod@counter                 cstackBANK0  0020
___awmod@dividend                cstackCOMMON 0075
___awmod@divisor                 cstackCOMMON 0073
___awmod@sign                    cstackBANK0  0021
___bmul                          text4        0657
___bmul@multiplicand             cstackCOMMON 0073
___bmul@multiplier               cstackCOMMON 0075
___bmul@product                  cstackCOMMON 0074
___heap_hi                       (abs)        0000
___heap_lo                       (abs)        0000
___int_sp                        stack        0000
___int_stack_hi                  stack        0000
___int_stack_lo                  stack        0000
___latbits                       (abs)        0002
___sp                            stack        0000
___stack_hi                      stack        0000
___stack_lo                      stack        0000
___stackhi                       (abs)        0000
___stacklo                       (abs)        0000
__end_of___awdiv                 text17       0450
__end_of___awmod                 text16       050E
__end_of___bmul                  text4        066C
__end_of__initialization         cinit        0038
__end_of__stringtab              strings      055E
__end_of_clcd_print              text14       0634
__end_of_clcd_putch              text13       067F
__end_of_clcd_write              text15       0606
__end_of_clear_screen            text3        0691
__end_of_clock_screen            text12       0376
__end_of_init_clcd               text10       06CB
__end_of_init_config             text7        06A3
__end_of_init_display_controller text11       03E7
__end_of_init_matrix_keypad      text9        06B3
__end_of_init_timer2             text8        06C0
__end_of_isr                     text18       05D0
__end_of_main                    maintext     0558
__end_of_read_matrix_keypad      text5        0657
__end_of_scan_keypad             text6        02B7
__end_of_set_time                text2        01F7
__end_of_turn_on                 text1        04B3
__initialization                 cinit        0011
__pbssBANK0                      bssBANK0     002B
__pbssCOMMON                     bssCOMMON    0078
__pcstackBANK0                   cstackBANK0  0020
__pcstackCOMMON                  cstackCOMMON 0070
__pdataBANK0                     dataBANK0    0032
__pdataCOMMON                    dataCOMMON   007A
__pidataBANK0                    idataBANK0   06CB
__pidataCOMMON                   idataCOMMON  06CF
__pintentry                      intentry     0004
__pmaintext                      maintext     050E
__pstrings                       strings      0558
__ptext1                         text1        0450
__ptext10                        text10       06C0
__ptext11                        text11       0376
__ptext12                        text12       02B7
__ptext13                        text13       066C
__ptext14                        text14       0606
__ptext15                        text15       05D0
__ptext16                        text16       04B3
__ptext17                        text17       03E7
__ptext18                        text18       0595
__ptext2                         text2        003C
__ptext3                         text3        067F
__ptext4                         text4        0657
__ptext5                         text5        0634
__ptext6                         text6        01F7
__ptext7                         text7        0691
__ptext8                         text8        06B3
__ptext9                         text9        06A3
__stringbase                     strings      055D
__stringtab                      strings      0558
_clcd_print                      text14       0606
_clcd_putch                      text13       066C
_clcd_write                      text15       05D0
_clear_screen                    text3        067F
_clock_screen                    text12       02B7
_hour                            bssBANK0     002F
_init_clcd                       text10       06C0
_init_config                     text7        0691
_init_display_controller         text11       0376
_init_matrix_keypad              text9        06A3
_init_timer2                     text8        06B3
_isr                             text18       0595
_main                            maintext     050E
_min                             bssBANK0     0030
_nRBPU                           (abs)        040F
_operation_flag                  dataBANK0    0034
_read_matrix_keypad              text5        0634
_scan_keypad                     text6        01F7
_sec                             bssBANK0     0031
_set_time                        text2        003C
_turn_on                         text1        0450
btemp                            (abs)        007E
clcd_print@addr                  cstackCOMMON 0077
clcd_print@str                   cstackBANK0  0020
clcd_putch@addr                  cstackBANK0  0024
clcd_putch@data                  cstackCOMMON 0077
clcd_write@byte                  cstackCOMMON 0076
clcd_write@mode                  cstackCOMMON 0073
end_of_initialization            cinit        0038
interrupt_function               intentry     0004
intlevel0                        functab      0000
intlevel1                        functab      0000
intlevel2                        functab      0000
intlevel3                        functab      0000
intlevel4                        functab      0000
intlevel5                        functab      0000
isr@count                        bssCOMMON    0078
main@key                         cstackBANK0  002A
main@reset_flag                  dataBANK0    0032
read_matrix_keypad@key           cstackCOMMON 0076
read_matrix_keypad@mode          cstackCOMMON 0075
read_matrix_keypad@once          dataCOMMON   007A
reset_vec                        reset_vec    0000
saved_w                          (abs)        007E
scan_keypad@i                    cstackCOMMON 0073
set_time@blink                   bssBANK0     002C
set_time@blink_pos               bssBANK0     002D
set_time@key                     cstackBANK0  0029
set_time@key_count               bssBANK0     002E
set_time@reset_flag              cstackBANK0  0025
set_time@wait                    bssBANK0     002B
start                            init         000E
start_initialization             cinit        0011
turn_on@i                        cstackBANK0  0028
wtemp0                           (abs)        007E


MODULE INFORMATION

Module		Function		Class		Link	Load	Size
C:\Program Files\Microchip\xc8\v2.45\pic\sources\c99\common\Umul8.c
		___bmul        		CODE           	0657	0000	21

C:\Program Files\Microchip\xc8\v2.45\pic\sources\c99\common\Umul8.c estimated size: 21

matrix_keypad_1.c
		_init_matrix_keypad		CODE           	06A3	0000	16
		_read_matrix_keypad		CODE           	0634	0000	35
		_scan_keypad   		CODE           	01F7	0000	192

matrix_keypad_1.c estimated size: 243

C:\Program Files\Microchip\xc8\v2.45\pic\sources\c99\common\awmod.c
		___awmod       		CODE           	04B3	0000	91

C:\Program Files\Microchip\xc8\v2.45\pic\sources\c99\common\awmod.c estimated size: 91

shared
		__stringtab    		STRING         	0558	0000	6
		__initialization		CODE           	0011	0000	39

shared estimated size: 45

clcd.c
		_clcd_write    		CODE           	05D0	0000	54
		_clcd_print    		CODE           	0606	0000	46
		_clcd_putch    		CODE           	066C	0000	19
		_init_display_controller		CODE           	0376	0000	113
		_init_clcd     		CODE           	06C0	0000	11

clcd.c estimated size: 243

isr_1.c
		_isr           		CODE           	0595	0000	59

isr_1.c estimated size: 59

main.c
		_clock_screen  		CODE           	02B7	0000	191
		_main          		CODE           	050E	0000	74
		_turn_on       		CODE           	0450	0000	99
		_clear_screen  		CODE           	067F	0000	18
		_set_time      		CODE           	003C	0000	443
		_init_config   		CODE           	0691	0000	18

main.c estimated size: 843

C:\Program Files\Microchip\xc8\v2.45\pic\sources\c99\common\awdiv.c
		___awdiv       		CODE           	03E7	0000	105

C:\Program Files\Microchip\xc8\v2.45\pic\sources\c99\common\awdiv.c estimated size: 105

timers_1.c
		_init_timer2   		CODE           	06B3	0000	13

timers_1.c estimated size: 13

