Microchip MPLAB XC8 Compiler V2.45

Linker command line:

-W-3 \
  --edf=C:\Program Files\Microchip\xc8\v2.45\pic\dat\20230818022343_en.msgs \
  -cn -h+dist/default/debug\prayer_schduler.X.debug.sym \
  --cmf=dist/default/debug\prayer_schduler.X.debug.cmf -z -Q16F877A \
  -oC:\Users\faizan\AppData\Local\Temp\xcAs3eo.\driver_tmp_3.o \
  --defsym=__MPLAB_BUILD=1 --fixupoverflow=error \
  -Mdist/default/debug/prayer_schduler.X.debug.map \
  --md=C:\Users\faizan\AppData\Local\Temp\xcAs3eo.\driver_tmp_0.dat -E1 \
  -ver=XC8 Compiler --acfsm=1493 -ACODE=00h-07FFhx4 -ASTRCODE=00h-01FFFh \
  -ASTRING=00h-0FFhx32 -ACONST=00h-0FFhx32 -AENTRY=00h-0FFhx32 \
  -ACOMMON=070h-07Fh -ABANK0=020h-06Fh -ABANK1=0A0h-0EFh \
  -ABANK2=0110h-016Fh -ABANK3=0190h-01EFh \
  -ARAM=020h-06Fh,0A0h-0EFh,0110h-016Fh,0190h-01EFh \
  -AABS1=020h-07Fh,0A0h-0EFh,0110h-016Fh,0190h-01EFh -ASFR0=00h-01Fh \
  -ASFR1=080h-09Fh -ASFR2=0100h-010Fh -ASFR3=0180h-018Fh \
  -ACONFIG=02007h-02007h -DCONFIG=2 -AIDLOC=02000h-02003h -DIDLOC=2 \
  -AEEDATA=00h-0FFh/02100h -peeprom_data=EEDATA -DEEDATA=2 -DCODE=2 \
  -DSTRCODE=2 -DSTRING=2 -DCONST=2 -DENTRY=2 \
  -preset_vec=00h,intentry,init,end_init -ppowerup=CODE -pcinit=CODE \
  -pfunctab=ENTRY -k \
  C:\Users\faizan\AppData\Local\Temp\xcAs3eo.\driver_tmp_12.o \
  dist/default/debug\prayer_schduler.X.debug.o 

Object code version is 3.11

Machine type is 16F877A



                Name                               Link     Load   Length Selector   Space Scale
C:\Users\faizan\AppData\Local\Temp\xcAs3eo.\driver_tmp_12.o
                end_init                              0        0        3        0       0
                config                             2007     2007        1        0       4
dist/default/debug\prayer_schduler.X.debug.o
                cinit                               7FC      7FC        4      FF8       0
                config                             2007     2007        1        0       4
                text9                               70B      70B       36      E16       0
                text8                               693      693       11      D26       0
                text7                               799      799       63      F32       0
                text6                               688      688        B      D10       0
                text5                               679      679        6      CF2       0
                text4                               6B5      6B5       28      D6A       0
                text3                               67F      67F        9      CFE       0
                text2                               6A4      6A4       11      D48       0
                text1                               741      741       58      E82       0
                maintext                            6DD      6DD       2E      DBA       0
                cstackCOMMON                         70       70        C       70       1
                strings                               3        3       1E        6       0

TOTAL           Name                               Link     Load   Length     Space
        CLASS   CODE           
                end_init                              0        0        3         0
                cinit                               7FC      7FC        4         0
                text9                               70B      70B       36         0
                text8                               693      693       11         0
                text7                               799      799       63         0
                text6                               688      688        B         0
                text5                               679      679        6         0
                text4                               6B5      6B5       28         0
                text3                               67F      67F        9         0
                text2                               6A4      6A4       11         0
                text1                               741      741       58         0
                maintext                            6DD      6DD       2E         0

        CLASS   STRCODE        

        CLASS   STRING         
                strings                               3        3       1E         0

        CLASS   CONST          

        CLASS   ENTRY          

        CLASS   COMMON         
                cstackCOMMON                         70       70        C         1

        CLASS   BANK0          

        CLASS   BANK1          

        CLASS   BANK2          

        CLASS   BANK3          

        CLASS   RAM            

        CLASS   ABS1           
                abs_s1                               7E       7E        2         1

        CLASS   SFR0           

        CLASS   SFR1           

        CLASS   SFR2           

        CLASS   SFR3           

        CLASS   CONFIG         
                config                             2007     2007        1         4

        CLASS   IDLOC          

        CLASS   EEDATA         

        CLASS   HEAP           

        CLASS   STACK          



SEGMENTS        Name                           Load    Length   Top    Selector   Space  Class     Delta

                reset_vec                      000000  000003  000003         0       0  CODE        2
                strings                        000003  00001E  000021         6       0  STRING      2
                cstackCOMMON                   000070  00000C  00007C        70       1  COMMON      1
                text5                          000679  000006  00067F       CF2       0  CODE        2
                text3                          00067F  000009  000688       CFE       0  CODE        2
                text6                          000688  00000B  000693       D10       0  CODE        2
                text8                          000693  000011  0006A4       D26       0  CODE        2
                text2                          0006A4  000011  0006B5       D48       0  CODE        2
                text4                          0006B5  000028  0006DD       D6A       0  CODE        2
                maintext                       0006DD  00002E  00070B       DBA       0  CODE        2
                text9                          00070B  000036  000741       E16       0  CODE        2
                text1                          000741  000058  000799       E82       0  CODE        2
                text7                          000799  000063  0007FC       F32       0  CODE        2
                cinit                          0007FC  000004  000800       FF8       0  CODE        2


UNUSED ADDRESS RANGES

        Name                Unused          Largest block    Delta
        BANK0            0020-006F             50           1
        BANK1            00A0-00EF             50           1
        BANK2            0110-016F             60           1
        BANK3            0190-01EF             60           1
        CODE             0021-0678            658           2
                         0800-1FFF            800
        COMMON           007C-007D              2           1
        CONST            0021-0678            100           2
                         0800-1FFF            100
        EEDATA           2100-21FF            100           2
        ENTRY            0021-0678            100           2
                         0800-1FFF            100
        IDLOC            2000-2003              4           2
        RAM              0020-006F             50           1
                         00A0-00EF             50
                         0110-016F             60
                         0190-01EF             60
        SFR0             0000-001F             20           1
        SFR1             0080-009F             20           1
        SFR2             0100-010F             10           1
        SFR3             0180-018F             10           1
        STRCODE          0021-0678            658           2
                         0800-1FFF           1800
        STRING           0021-0678            100           2
                         0800-1FFF            100

                                  Symbol Table

_PORTD                           (abs)        0008
_RE1                             (abs)        0049
_RE2                             (abs)        004A
_TRISD                           (abs)        0088
_TRISE1                          (abs)        0449
_TRISE2                          (abs)        044A
__H__absolute__                  __absolute__ 0000
__Habs1                          abs1         0000
__Hbank0                         bank0        0000
__Hbank1                         bank1        0000
__Hbank2                         bank2        0000
__Hbank3                         bank3        0000
__Hcinit                         cinit        0800
__Hclrtext                       clrtext      0000
__Hcode                          code         0000
__Hcommon                        common       0000
__Hconfig                        config       2008
__HcstackCOMMON                  cstackCOMMON 0000
__Heeprom_data                   eeprom_data  0000
__Hend_init                      end_init     0003
__Hfunctab                       functab      0000
__Hheap                          heap         0000
__Hinit                          init         0000
__Hintentry                      intentry     0000
__Hmaintext                      maintext     0000
__Hpowerup                       powerup      0000
__Hram                           ram          0000
__Hreset_vec                     reset_vec    0000
__Hsfr0                          sfr0         0000
__Hsfr1                          sfr1         0000
__Hsfr2                          sfr2         0000
__Hsfr3                          sfr3         0000
__Hspace_0                       (abs)        0800
__Hspace_1                       (abs)        007C
__Hspace_2                       (abs)        0000
__Hspace_3                       (abs)        0000
__Hspace_4                       (abs)        400F
__Hstack                         stack        0000
__Hstrings                       strings      0000
__Htext                          text         0000
__L__absolute__                  __absolute__ 0000
__Labs1                          abs1         0000
__Lbank0                         bank0        0000
__Lbank1                         bank1        0000
__Lbank2                         bank2        0000
__Lbank3                         bank3        0000
__Lcinit                         cinit        07FC
__Lclrtext                       clrtext      0000
__Lcode                          code         0000
__Lcommon                        common       0000
__Lconfig                        config       0000
__LcstackCOMMON                  cstackCOMMON 0000
__Leeprom_data                   eeprom_data  0000
__Lend_init                      end_init     0000
__Lfunctab                       functab      0000
__Lheap                          heap         0000
__Linit                          init         0000
__Lintentry                      intentry     0000
__Lmaintext                      maintext     0000
__Lpowerup                       powerup      0000
__Lram                           ram          0000
__Lreset_vec                     reset_vec    0000
__Lsfr0                          sfr0         0000
__Lsfr1                          sfr1         0000
__Lsfr2                          sfr2         0000
__Lsfr3                          sfr3         0000
__Lspace_0                       (abs)        0000
__Lspace_1                       (abs)        0000
__Lspace_2                       (abs)        0000
__Lspace_3                       (abs)        0000
__Lspace_4                       (abs)        0000
__Lstack                         stack        0000
__Lstrings                       strings      0000
__Ltext                          text         0000
__S0                             (abs)        0800
__S1                             (abs)        007C
__S3                             (abs)        0000
___heap_hi                       (abs)        0000
___heap_lo                       (abs)        0000
___int_sp                        stack        0000
___int_stack_hi                  stack        0000
___int_stack_lo                  stack        0000
___latbits                       (abs)        0002
___sp                            stack        0000
___stack_hi                      stack        0000
___stack_lo                      stack        0000
___stackhi                       (abs)        0000
___stacklo                       (abs)        0000
__end_of__initialization         cinit        07FC
__end_of__stringtab              strings      0009
__end_of_clcd_print              text4        06DD
__end_of_clcd_putch              text2        06B5
__end_of_clcd_write              text9        0741
__end_of_clear_screen            text8        06A4
__end_of_init_clcd               text6        0693
__end_of_init_config             text5        067F
__end_of_init_display_controller text7        07FC
__end_of_main                    maintext     070B
__end_of_set_time                text3        0688
__end_of_turn_on                 text1        0799
__initialization                 cinit        07FC
__pcstackCOMMON                  cstackCOMMON 0070
__pmaintext                      maintext     06DD
__pstrings                       strings      0003
__ptext1                         text1        0741
__ptext2                         text2        06A4
__ptext3                         text3        067F
__ptext4                         text4        06B5
__ptext5                         text5        0679
__ptext6                         text6        0688
__ptext7                         text7        0799
__ptext8                         text8        0693
__ptext9                         text9        070B
__stringbase                     strings      0008
__stringtab                      strings      0003
_clcd_print                      text4        06B5
_clcd_putch                      text2        06A4
_clcd_write                      text9        070B
_clear_screen                    text8        0693
_init_clcd                       text6        0688
_init_config                     text5        0679
_init_display_controller         text7        0799
_main                            maintext     06DD
_set_time                        text3        067F
_turn_on                         text1        0741
btemp                            (abs)        007E
clcd_print@addr                  cstackCOMMON 0074
clcd_print@str                   cstackCOMMON 0075
clcd_putch@addr                  cstackCOMMON 0074
clcd_putch@data                  cstackCOMMON 0075
clcd_write@byte                  cstackCOMMON 0073
clcd_write@mode                  cstackCOMMON 0070
end_of_initialization            cinit        07FC
intlevel0                        functab      0000
intlevel1                        functab      0000
intlevel2                        functab      0000
intlevel3                        functab      0000
intlevel4                        functab      0000
intlevel5                        functab      0000
main@operation_flag              cstackCOMMON 007A
reset_vec                        reset_vec    0000
start                            init         0000
start_initialization             cinit        07FC
turn_on@i                        cstackCOMMON 0079
wtemp0                           (abs)        007E


MODULE INFORMATION

Module		Function		Class		Link	Load	Size
shared
		__stringtab    		STRING         	0003	0000	6
		__initialization		CODE           	07FC	0000	1

shared estimated size: 7

clcd.c
		_clcd_write    		CODE           	070B	0000	54
		_clcd_print    		CODE           	06B5	0000	40
		_clcd_putch    		CODE           	06A4	0000	17
		_init_display_controller		CODE           	0799	0000	99
		_init_clcd     		CODE           	0688	0000	11

clcd.c estimated size: 221

main.c
		_main          		CODE           	06DD	0000	46
		_turn_on       		CODE           	0741	0000	88
		_clear_screen  		CODE           	0693	0000	17
		_set_time      		CODE           	067F	0000	9
		_init_config   		CODE           	0679	0000	6

main.c estimated size: 166

